============================= test session starts =============================
platform win32 -- Python 3.13.5, pytest-7.4.3, pluggy-1.6.0
rootdir: C:\Users\Odigwe Ife\Desktop\Traffic-Detect-project
collected 4 items

tests\test_routes.py EEEE                                                [100%]

=================================== ERRORS ====================================
___________________ ERROR at setup of test_dashboard_route ____________________

    @pytest.fixture
    def client():
>       app = create_app('testing')

tests\test_routes.py:9: 
_ _ _ _ _ _ _ _ _ _ _ _ _ _ _ _ _ _ _ _ _ _ _ _ _ _ _ _ _ _ _ _ _ _ _ _ _ _ _ _
app\__init__.py:16: in create_app
    from app.routes import upload_bp, violations_bp, dashboard_bp
app\routes\__init__.py:7: in <module>
    from app.routes import upload, violations, dashboard
_ _ _ _ _ _ _ _ _ _ _ _ _ _ _ _ _ _ _ _ _ _ _ _ _ _ _ _ _ _ _ _ _ _ _ _ _ _ _ _

    from app.models import Violation
    from sqlalchemy import desc
    
>   @violations_bp.route('/api/violations', methods=['GET'])
E   NameError: name 'violations_bp' is not defined

app\routes\violations.py:4: NameError
_________________ ERROR at setup of test_dashboard_filtering __________________

    @pytest.fixture
    def client():
>       app = create_app('testing')

tests\test_routes.py:9: 
_ _ _ _ _ _ _ _ _ _ _ _ _ _ _ _ _ _ _ _ _ _ _ _ _ _ _ _ _ _ _ _ _ _ _ _ _ _ _ _
app\__init__.py:16: in create_app
    from app.routes import upload_bp, violations_bp, dashboard_bp
app\routes\__init__.py:7: in <module>
    from app.routes import upload, violations, dashboard
_ _ _ _ _ _ _ _ _ _ _ _ _ _ _ _ _ _ _ _ _ _ _ _ _ _ _ _ _ _ _ _ _ _ _ _ _ _ _ _

    from app.models import Violation
    from sqlalchemy import desc
    
>   @violations_bp.route('/api/violations', methods=['GET'])
E   NameError: name 'violations_bp' is not defined

app\routes\violations.py:4: NameError
___________________ ERROR at setup of test_violation_detail ___________________

    @pytest.fixture
    def client():
>       app = create_app('testing')

tests\test_routes.py:9: 
_ _ _ _ _ _ _ _ _ _ _ _ _ _ _ _ _ _ _ _ _ _ _ _ _ _ _ _ _ _ _ _ _ _ _ _ _ _ _ _
app\__init__.py:16: in create_app
    from app.routes import upload_bp, violations_bp, dashboard_bp
app\routes\__init__.py:7: in <module>
    from app.routes import upload, violations, dashboard
_ _ _ _ _ _ _ _ _ _ _ _ _ _ _ _ _ _ _ _ _ _ _ _ _ _ _ _ _ _ _ _ _ _ _ _ _ _ _ _

    from app.models import Violation
    from sqlalchemy import desc
    
>   @violations_bp.route('/api/violations', methods=['GET'])
E   NameError: name 'violations_bp' is not defined

app\routes\violations.py:4: NameError
_________________ ERROR at setup of test_violation_detail_404 _________________

    @pytest.fixture
    def client():
>       app = create_app('testing')

tests\test_routes.py:9: 
_ _ _ _ _ _ _ _ _ _ _ _ _ _ _ _ _ _ _ _ _ _ _ _ _ _ _ _ _ _ _ _ _ _ _ _ _ _ _ _
app\__init__.py:16: in create_app
    from app.routes import upload_bp, violations_bp, dashboard_bp
app\routes\__init__.py:7: in <module>
    from app.routes import upload, violations, dashboard
_ _ _ _ _ _ _ _ _ _ _ _ _ _ _ _ _ _ _ _ _ _ _ _ _ _ _ _ _ _ _ _ _ _ _ _ _ _ _ _

    from app.models import Violation
    from sqlalchemy import desc
    
>   @violations_bp.route('/api/violations', methods=['GET'])
E   NameError: name 'violations_bp' is not defined

app\routes\violations.py:4: NameError
=========================== short test summary info ===========================
ERROR tests/test_routes.py::test_dashboard_route - NameError: name 'violation...
ERROR tests/test_routes.py::test_dashboard_filtering - NameError: name 'viola...
ERROR tests/test_routes.py::test_violation_detail - NameError: name 'violatio...
ERROR tests/test_routes.py::test_violation_detail_404 - NameError: name 'viol...
============================== 4 errors in 2.26s ==============================
